{
  "defaultAction": "SCMP_ACT_ERRNO",
  "syscalls": [
    {
      "names": [
        "close"
      ],
      "action": "SCMP_ACT_ALLOW"
    },
    {
      "names": [
        "read"
      ],
      "action": "SCMP_ACT_ALLOW"
    },
    {
      "names": [
        "write"
      ],
      "action": "SCMP_ACT_ALLOW"
    }
  ]
}
